<html>
<body>
<pre>
<h1>µVision Build Log</h1>
<h2>Project:</h2>
C:\Users\Viraj\Downloads\University-Work\Embedded Systems\ExamPractice\EXAM.uvproj
Project File Date:  05/11/2023

<h2>Output:</h2>
Build target 'Target 1'
assembling practice3.s...
linking...
Program Size: Code=52 RO-data=8 RW-data=4 ZI-data=0  
".\EXAM.axf" - 0 Error(s), 0 Warning(s).
</pre>
</body>
</html>
ta=0  
".\EXAM.axf" - 0 Error(s), 1 Warning(s).
.
Target not created
Error: Could not load file 'C:\Users\Viraj\Downloads\University-Work\Embedded Systems\ExamPractice\EXAM.axf'. Debugger aborted !
Error: Could not load file 'C:\Users\Viraj\Downloads\University-Work\Embedded Systems\ExamPractice\EXAM.axf'. Debugger aborted !
 aborted !
quivalent to /
exam.s(23): error: A1106E: Missing comma
exam.s(24): error: A1517E: Unexpected operator equal to or equivalent to /
exam.s(27): error: A1517E: Unexpected operator equal to or equivalent to /
exam.s(30): error: A1106E: Missing comma
exam.s(31): error: A1517E: Unexpected operator equal to or equivalent to /
exam.s(32): error: A1137E: Unexpected characters at end of line
exam.s(33): error: A1106E: Missing comma
exam.s(34): error: A1517E: Unexpected operator equal to or equivalent to /
exam.s(37): error: A1137E: Unexpected characters at end of line
exam.s(38): error: A1517E: Unexpected operator equal to or equivalent to /
exam.s(39): error: A1517E: Unexpected operator equal to or equivalent to /
exam.s(40): error: A1517E: Unexpected operator equal to or equivalent to /
exam.s(41): error: A1517E: Unexpected operator equal to or equivalent to /
exam.s(42): error: A1517E: Unexpected operator equal to or equivalent to /
exam.s(43): error: A1106E: Missing comma
".\EXAM.axf" - 22 Error(s), 0 Warning(s).
Target not created
