ARM Linker, 5.03 [Build 76] [MDK-ARM Lite]

==============================================================================

Section Cross References

    exam.o(Reset) refers to exam.o(mycode) for Reset_Handler
    exam.o(mycode) refers to exam.o(data) for DEST


==============================================================================

Image Symbol Table

    Local Symbols

    Symbol Name                              Value     Ov Type        Size  Object(Section)

    Reset                                    0x00000000   Section        8  exam.o(Reset)
    exam.s                                   0x00000000   Number         0  exam.o ABSOLUTE
    mycode                                   0x00000008   Section      196  exam.o(mycode)
    ARR1                                     0x0000006c   Data          36  exam.o(mycode)
    ARR2                                     0x00000090   Data          36  exam.o(mycode)
    SIZE                                     0x000000b4   Data           4  exam.o(mycode)
    data                                     0x10000000   Section        4  exam.o(data)
    DEST                                     0x10000000   Data           4  exam.o(data)

    Global Symbols

    Symbol Name                              Value     Ov Type        Size  Object(Section)

    BuildAttributes$$THM_ISAv4$P$D$K$B$S$PE$A:L22UL41UL21$X:L11$S22US41US21$IEEE1$IW$USESV6$~STKCKD$USESV7$~SHL$OSPACE$EBA8$STANDARDLIB$PRES8$EABIv2 0x00000000   Number         0  anon$$obj.o ABSOLUTE
    __Vectors                                0x00000000   Data           0  exam.o(Reset)
    Reset_Handler                            0x00000009   Thumb Code     0  exam.o(mycode)



==============================================================================

Memory Map of the image

  Image Entry point : 0x00000009

  Load Region LR_1 (Base: 0x00000000, Size: 0x000000d0, Max: 0xffffffff, ABSOLUTE)

    Execution Region ER_RO (Base: 0x00000000, Size: 0x000000cc, Max: 0xffffffff, ABSOLUTE)

    Base Addr    Size         Type   Attr      Idx    E Section Name        Object

    0x00000000   0x00000008   Data   RO            1    Reset               exam.o
    0x00000008   0x000000c4   Code   RO            2  * mycode              exam.o


    Execution Region ER_RW (Base: 0x10000000, Size: 0x00000004, Max: 0xffffffff, ABSOLUTE)

    Base Addr    Size         Type   Attr      Idx    E Section Name        Object

    0x10000000   0x00000004   Data   RW            3    data                exam.o


    Execution Region ER_ZI (Base: 0x10000004, Size: 0x00000000, Max: 0xffffffff, ABSOLUTE)

    **** No section assigned to this execution region ****


==============================================================================

Image component sizes


      Code (inc. data)   RO Data    RW Data    ZI Data      Debug   Object Name

       196         98          8          4          0        256   exam.o

    ----------------------------------------------------------------------
       196         98          8          4          0        256   Object Totals
         0          0          0          0          0          0   (incl. Generated)
         0          0          0          0          0          0   (incl. Padding)

    ----------------------------------------------------------------------
         0          0          0          0          0          0   Library Totals
         0          0          0          0          0          0   (incl. Padding)

    ----------------------------------------------------------------------

==============================================================================


      Code (inc. data)   RO Data    RW Data    ZI Data      Debug   

       196         98          8          4          0        256   Grand Totals
       196         98          8          4          0        256   ELF Image Totals
       196         98          8          4          0          0   ROM Totals

==============================================================================

    Total RO  Size (Code + RO Data)                  204 (   0.20kB)
    Total RW  Size (RW Data + ZI Data)                 4 (   0.00kB)
    Total ROM Size (Code + RO Data + RW Data)        208 (   0.20kB)

==============================================================================

